// Jest Snapshot v1, https://goo.gl/fbAQLP

exports[`AddPostFixedButton - unit should render the component 1`] = `
<RNCSafeAreaProvider
  onInsetsChange={[Function]}
  style={
    [
      {
        "flex": 1,
      },
      undefined,
    ]
  }
>
  <View
    accessibilityState={
      {
        "busy": undefined,
        "checked": undefined,
        "disabled": undefined,
        "expanded": undefined,
        "selected": undefined,
      }
    }
    accessibilityValue={
      {
        "max": undefined,
        "min": undefined,
        "now": undefined,
        "text": undefined,
      }
    }
    accessible={true}
    collapsable={false}
    focusable={true}
    onClick={[Function]}
    onResponderGrant={[Function]}
    onResponderMove={[Function]}
    onResponderRelease={[Function]}
    onResponderTerminate={[Function]}
    onResponderTerminationRequest={[Function]}
    onStartShouldSetResponder={[Function]}
    style={
      {
        "alignItems": "center",
        "backgroundColor": "#017582",
        "borderColor": "#c7e7ea",
        "borderRadius": 32,
        "borderWidth": 2,
        "bottom": 24,
        "elevation": 10,
        "height": 56,
        "justifyContent": "center",
        "opacity": 1,
        "position": "absolute",
        "right": 24,
        "shadowColor": "#000",
        "shadowOffset": {
          "height": -3,
          "width": 0,
        },
        "shadowOpacity": 0.05,
        "shadowRadius": 12,
        "width": 56,
      }
    }
    testID="add-post-fixed-button"
  >
    <View
      style={
        [
          {},
        ]
      }
      testID="Icon"
    >
      <RNSVGSvgView
        align="xMidYMid"
        bbHeight="24"
        bbWidth="24"
        fill="none"
        focusable={false}
        height={24}
        meetOrSlice={0}
        minX={0}
        minY={0}
        style={
          [
            {
              "backgroundColor": "transparent",
              "borderWidth": 0,
            },
            {
              "flex": 0,
              "height": 24,
              "width": 24,
            },
          ]
        }
        vbHeight={24}
        vbWidth={24}
        width={24}
      >
        <RNSVGGroup
          fill={null}
          propList={
            [
              "fill",
            ]
          }
        >
          <RNSVGPath
            d="M13.2601 3.59997L5.0501 12.29C4.7401 12.62 4.4401 13.27 4.3801 13.72L4.0101 16.96C3.8801 18.13 4.7201 18.93 5.8801 18.73L9.1001 18.18C9.5501 18.1 10.1801 17.77 10.4901 17.43L18.7001 8.73997C20.1201 7.23997 20.7601 5.52997 18.5501 3.43997C16.3501 1.36997 14.6801 2.09997 13.2601 3.59997Z"
            fill={
              {
                "payload": 4278190080,
                "type": 0,
              }
            }
            propList={
              [
                "stroke",
                "strokeWidth",
                "strokeLinecap",
                "strokeLinejoin",
                "strokeMiterlimit",
              ]
            }
            stroke={
              {
                "payload": 4294967295,
                "type": 0,
              }
            }
            strokeLinecap={1}
            strokeLinejoin={1}
            strokeMiterlimit={10}
            strokeWidth="1.5"
          />
          <RNSVGPath
            d="M11.8899 5.04999C12.3199 7.80999 14.5599 9.91999 17.3399 10.2"
            fill={
              {
                "payload": 4278190080,
                "type": 0,
              }
            }
            propList={
              [
                "stroke",
                "strokeWidth",
                "strokeLinecap",
                "strokeLinejoin",
                "strokeMiterlimit",
              ]
            }
            stroke={
              {
                "payload": 4294967295,
                "type": 0,
              }
            }
            strokeLinecap={1}
            strokeLinejoin={1}
            strokeMiterlimit={10}
            strokeWidth="1.5"
          />
          <RNSVGPath
            d="M3 22H21"
            fill={
              {
                "payload": 4278190080,
                "type": 0,
              }
            }
            propList={
              [
                "stroke",
                "strokeWidth",
                "strokeLinecap",
                "strokeLinejoin",
                "strokeMiterlimit",
              ]
            }
            stroke={
              {
                "payload": 4294967295,
                "type": 0,
              }
            }
            strokeLinecap={1}
            strokeLinejoin={1}
            strokeMiterlimit={10}
            strokeWidth="1.5"
          />
        </RNSVGGroup>
      </RNSVGSvgView>
    </View>
  </View>
</RNCSafeAreaProvider>
`;
